<form method="post">
  <div id="div_id_field_name" class="govuk-form-group govuk-form-group--error">
    <label for="id_field_name" class="govuk-label">
      Field label
    </label>
    <div id="hint_id_field_name" class="govuk-hint">
      Help text
    </div>
    <span id="id_field_name_1_error" class="govuk-error-message">
      <span class="govuk-visually-hidden">Error:</span> Required error message
    </span>
    <input type="text" name="field_name"
           aria-describedby="hint_id_field_name id_field_name_1_error"
           class="govuk-input govuk-input--width-4 govuk-input--error"
           id="id_field_name"
           width="4">
  </div>
</form>
